/Users/sameer/Documents/clean/zero/daps/clean/f10_script2_clean.wav
/Users/sameer/Documents/clean/zero/daps/clean/f1_script2_clean.wav
/Users/sameer/Documents/clean/zero/daps/clean/f2_script2_clean.wav
/Users/sameer/Documents/clean/zero/daps/clean/f3_script2_clean.wav
/Users/sameer/Documents/clean/zero/daps/clean/f4_script2_clean.wav
/Users/sameer/Documents/clean/zero/daps/clean/f5_script2_clean.wav
/Users/sameer/Documents/clean/zero/daps/clean/f6_script2_clean.wav
/Users/sameer/Documents/clean/zero/daps/clean/f7_script2_clean.wav
/Users/sameer/Documents/clean/zero/daps/clean/f8_script2_clean.wav
/Users/sameer/Documents/clean/zero/daps/clean/f9_script2_clean.wav
/Users/sameer/Documents/clean/zero/daps/clean/m10_script2_clean.wav
/Users/sameer/Documents/clean/zero/daps/clean/m1_script2_clean.wav
/Users/sameer/Documents/clean/zero/daps/clean/m2_script2_clean.wav
/Users/sameer/Documents/clean/zero/daps/clean/m3_script2_clean.wav
/Users/sameer/Documents/clean/zero/daps/clean/m4_script2_clean.wav
/Users/sameer/Documents/clean/zero/daps/clean/m5_script2_clean.wav
/Users/sameer/Documents/clean/zero/daps/clean/m6_script2_clean.wav
/Users/sameer/Documents/clean/zero/daps/clean/m7_script2_clean.wav
/Users/sameer/Documents/clean/zero/daps/clean/m8_script2_clean.wav
/Users/sameer/Documents/clean/zero/daps/clean/m9_script2_clean.wav
